// Jest Snapshot v1, https://goo.gl/fbAQLP

exports[`[Component] FFCardsList renders correctly in grid view 1`] = `
<View
  style={
    Array [
      Object {
        "margin": 10,
      },
      Object {
        "backgroundColor": "#f6f6f6",
      },
    ]
  }
>
  <RCTScrollView
    ListEmptyComponent={<FFCardsListEmpty />}
    data={
      Array [
        Object {
          "category1": "",
          "category2": "",
          "code": "1-001H",
          "cost": "1000",
          "element": "blue",
          "exBurst": "",
          "id": "1234-1234-1234-1234",
          "job": "Soutien",
          "multicard": "",
          "name": "Boulou",
          "power": "",
          "rarity": "H",
          "text": "《火》《2》《ダル》",
          "type": "風",
          "userCard": Array [],
        },
        Object {
          "category1": "",
          "category2": "",
          "code": "1-002H",
          "cost": "1000",
          "element": "blue",
          "exBurst": "",
          "id": "1234-1234-1234-1234",
          "job": "Soutien",
          "multicard": "",
          "name": "Boulou",
          "power": "",
          "rarity": "H",
          "text": "《火》《3》《ダル》",
          "type": "風",
          "userCard": Array [],
        },
      ]
    }
    disableVirtualization={false}
    getItem={[Function]}
    getItemCount={[Function]}
    horizontal={false}
    initialNumToRender={1}
    keyExtractor={[Function]}
    maxToRenderPerBatch={10}
    onContentSizeChange={[Function]}
    onEndReached={[Function]}
    onEndReachedThreshold={1}
    onLayout={[Function]}
    onMomentumScrollEnd={[Function]}
    onRefresh={[Function]}
    onScroll={[Function]}
    onScrollBeginDrag={[Function]}
    onScrollEndDrag={[Function]}
    refreshControl={
      <RefreshControlMock
        onRefresh={[Function]}
        refreshing={false}
      />
    }
    refreshing={false}
    removeClippedSubviews={false}
    renderItem={[Function]}
    scrollEventThrottle={50}
    stickyHeaderIndices={Array []}
    updateCellsBatchingPeriod={50}
    viewabilityConfigCallbackPairs={Array []}
    windowSize={21}
  >
    <RCTRefreshControl />
    <View>
      <View
        onLayout={[Function]}
        style={null}
      >
        <View
          style={
            Array [
              Object {
                "flexDirection": "row",
                "marginBottom": 10,
              },
              undefined,
              Object {
                "alignItems": "center",
                "flex": 1,
              },
            ]
          }
          testID="SimpleFFCard"
        >
          <View
            accessible={true}
            focusable={true}
            onClick={[Function]}
            onResponderGrant={[Function]}
            onResponderMove={[Function]}
            onResponderRelease={[Function]}
            onResponderTerminate={[Function]}
            onResponderTerminationRequest={[Function]}
            onStartShouldSetResponder={[Function]}
            style={
              Object {
                "opacity": 1,
              }
            }
          >
            <View
              style={
                Array [
                  Object {
                    "overflow": "hidden",
                  },
                  Array [
                    Object {
                      "borderRadius": 10,
                      "borderWidth": 1,
                      "elevation": 5,
                      "height": 255,
                      "width": 182.14285714285717,
                    },
                    undefined,
                  ],
                ]
              }
            >
              <FastImageView
                onFastImageError={[Function]}
                resizeMode="cover"
                source={
                  Object {
                    "uri": "https://fftcg.cdn.sewest.net/images/cards/full/1-001H_fr.jpg",
                  }
                }
                style={
                  Object {
                    "bottom": 0,
                    "left": 0,
                    "position": "absolute",
                    "right": 0,
                    "top": 0,
                  }
                }
                testID="list-Image-1-001H"
              />
            </View>
          </View>
          <View
            style={
              Array [
                Object {
                  "flex": 1,
                  "marginLeft": 10,
                },
              ]
            }
          >
            <Text
              style={
                Array [
                  Object {
                    "color": "#000000",
                    "fontFamily": "System",
                    "fontWeight": "400",
                    "textAlign": "left",
                  },
                  undefined,
                ]
              }
            >
              Code: 
              1-001H
            </Text>
            <Text
              style={
                Array [
                  Object {
                    "color": "#000000",
                    "fontFamily": "System",
                    "fontWeight": "400",
                    "textAlign": "left",
                  },
                  undefined,
                ]
              }
            >
              Nom: 
              Boulou
            </Text>
            <Text
              style={
                Array [
                  Object {
                    "color": "#000000",
                    "fontFamily": "System",
                    "fontWeight": "400",
                    "textAlign": "left",
                  },
                  undefined,
                ]
              }
            >
              Type: 
              風
            </Text>
            <Text
              style={
                Array [
                  Object {
                    "color": "#000000",
                    "fontFamily": "System",
                    "fontWeight": "400",
                    "textAlign": "left",
                  },
                  undefined,
                ]
              }
            >
              Element: 
              blue
            </Text>
            <Text
              style={
                Array [
                  Object {
                    "color": "#000000",
                    "fontFamily": "System",
                    "fontWeight": "400",
                    "textAlign": "left",
                  },
                  undefined,
                ]
              }
            />
            <Text
              numberOfLines={6}
              style={
                Array [
                  Object {
                    "color": "#000000",
                    "fontFamily": "System",
                    "fontWeight": "400",
                    "textAlign": "left",
                  },
                  Object {
                    "flex": 1,
                  },
                ]
              }
            >
              
              <Image
                source="test-file-stub"
                style={
                  Array [
                    Object {
                      "height": 20,
                      "width": 20,
                    },
                    Object {},
                  ]
                }
              />
              
              <Text
                style={
                  Array [
                    Object {},
                  ]
                }
              >
                ❷
              </Text>
              
              <Image
                source="test-file-stub"
                style={
                  Array [
                    Object {
                      "height": 20,
                      "width": 20,
                    },
                    Object {},
                  ]
                }
              />
              
            </Text>
          </View>
        </View>
        <View
          style={
            Array [
              Object {
                "backgroundColor": "rgba(0, 0, 0, 0.12)",
                "height": 0.5,
              },
              undefined,
              undefined,
            ]
          }
        />
      </View>
      <View
        style={
          Object {
            "height": 0,
          }
        }
      />
    </View>
  </RCTScrollView>
  <View
    pointerEvents="auto"
    style={
      Object {
        "backgroundColor": "#03dac4",
        "borderRadius": 28,
        "bottom": 0,
        "elevation": 6,
        "margin": 16,
        "opacity": 1,
        "position": "absolute",
        "right": 0,
        "shadowColor": "#000000",
        "shadowOffset": Object {
          "height": 5,
          "width": 0,
        },
        "shadowOpacity": 0.24,
        "shadowRadius": 6,
        "transform": Array [
          Object {
            "scale": 1,
          },
        ],
      }
    }
  >
    <View
      accessibilityRole="button"
      accessibilityState={
        Object {
          "disabled": undefined,
        }
      }
      accessible={true}
      focusable={true}
      onClick={[Function]}
      onResponderGrant={[Function]}
      onResponderMove={[Function]}
      onResponderRelease={[Function]}
      onResponderTerminate={[Function]}
      onResponderTerminationRequest={[Function]}
      onStartShouldSetResponder={[Function]}
      style={
        Array [
          Object {
            "overflow": "hidden",
          },
          Object {
            "borderRadius": 28,
          },
        ]
      }
    >
      <View
        pointerEvents="none"
        style={
          Array [
            Object {
              "alignItems": "center",
              "flexDirection": "row",
              "justifyContent": "center",
            },
            Object {
              "height": 56,
              "width": 56,
            },
          ]
        }
      >
        <View
          style={
            Array [
              Object {
                "alignItems": "center",
                "justifyContent": "center",
              },
              Object {
                "height": 24,
                "width": 24,
              },
            ]
          }
        >
          <View
            style={
              Object {
                "bottom": 0,
                "left": 0,
                "opacity": 1,
                "position": "absolute",
                "right": 0,
                "top": 0,
                "transform": Array [
                  Object {
                    "rotate": "0deg",
                  },
                ],
              }
            }
          >
            <Text
              accessibilityElementsHidden={true}
              allowFontScaling={false}
              importantForAccessibility="no-hide-descendants"
              pointerEvents="none"
              selectable={false}
              style={
                Array [
                  Object {
                    "color": "rgba(0, 0, 0, .54)",
                    "fontSize": 24,
                  },
                  Array [
                    Object {
                      "lineHeight": 24,
                      "transform": Array [
                        Object {
                          "scaleX": 1,
                        },
                      ],
                    },
                    Object {
                      "backgroundColor": "transparent",
                    },
                  ],
                  Object {
                    "fontFamily": "Material Design Icons",
                    "fontStyle": "normal",
                    "fontWeight": "normal",
                  },
                  Object {},
                ]
              }
            >
              󰁝
            </Text>
          </View>
        </View>
      </View>
    </View>
  </View>
</View>
`;

exports[`[Component] FFCardsList renders correctly in list view 1`] = `
<View
  style={
    Array [
      Object {
        "margin": 10,
      },
      Object {
        "backgroundColor": "#f6f6f6",
      },
    ]
  }
>
  <RCTScrollView
    ListEmptyComponent={<FFCardsListEmpty />}
    data={
      Array [
        Object {
          "category1": "",
          "category2": "",
          "code": "1-001H",
          "cost": "1000",
          "element": "blue",
          "exBurst": "",
          "id": "1234-1234-1234-1234",
          "job": "Soutien",
          "multicard": "",
          "name": "Boulou",
          "power": "",
          "rarity": "H",
          "text": "《火》《2》《ダル》",
          "type": "風",
          "userCard": Array [],
        },
        Object {
          "category1": "",
          "category2": "",
          "code": "1-002H",
          "cost": "1000",
          "element": "blue",
          "exBurst": "",
          "id": "1234-1234-1234-1234",
          "job": "Soutien",
          "multicard": "",
          "name": "Boulou",
          "power": "",
          "rarity": "H",
          "text": "《火》《3》《ダル》",
          "type": "風",
          "userCard": Array [],
        },
      ]
    }
    disableVirtualization={false}
    getItem={[Function]}
    getItemCount={[Function]}
    horizontal={false}
    initialNumToRender={1}
    keyExtractor={[Function]}
    maxToRenderPerBatch={10}
    onContentSizeChange={[Function]}
    onEndReached={[Function]}
    onEndReachedThreshold={1}
    onLayout={[Function]}
    onMomentumScrollEnd={[Function]}
    onRefresh={[Function]}
    onScroll={[Function]}
    onScrollBeginDrag={[Function]}
    onScrollEndDrag={[Function]}
    refreshControl={
      <RefreshControlMock
        onRefresh={[Function]}
        refreshing={false}
      />
    }
    refreshing={false}
    removeClippedSubviews={false}
    renderItem={[Function]}
    scrollEventThrottle={50}
    stickyHeaderIndices={Array []}
    updateCellsBatchingPeriod={50}
    viewabilityConfigCallbackPairs={Array []}
    windowSize={21}
  >
    <RCTRefreshControl />
    <View>
      <View
        onLayout={[Function]}
        style={null}
      >
        <View
          style={
            Array [
              Object {
                "flexDirection": "row",
                "marginBottom": 10,
              },
              undefined,
              Object {
                "alignItems": "center",
                "flex": 1,
              },
            ]
          }
          testID="SimpleFFCard"
        >
          <View
            accessible={true}
            focusable={true}
            onClick={[Function]}
            onResponderGrant={[Function]}
            onResponderMove={[Function]}
            onResponderRelease={[Function]}
            onResponderTerminate={[Function]}
            onResponderTerminationRequest={[Function]}
            onStartShouldSetResponder={[Function]}
            style={
              Object {
                "opacity": 1,
              }
            }
          >
            <View
              style={
                Array [
                  Object {
                    "overflow": "hidden",
                  },
                  Array [
                    Object {
                      "borderRadius": 10,
                      "borderWidth": 1,
                      "elevation": 5,
                      "height": 255,
                      "width": 182.14285714285717,
                    },
                    undefined,
                  ],
                ]
              }
            >
              <FastImageView
                onFastImageError={[Function]}
                resizeMode="cover"
                source={
                  Object {
                    "uri": "https://fftcg.cdn.sewest.net/images/cards/full/1-001H_fr.jpg",
                  }
                }
                style={
                  Object {
                    "bottom": 0,
                    "left": 0,
                    "position": "absolute",
                    "right": 0,
                    "top": 0,
                  }
                }
                testID="list-Image-1-001H"
              />
            </View>
          </View>
          <View
            style={
              Array [
                Object {
                  "flex": 1,
                  "marginLeft": 10,
                },
              ]
            }
          >
            <Text
              style={
                Array [
                  Object {
                    "color": "#000000",
                    "fontFamily": "System",
                    "fontWeight": "400",
                    "textAlign": "left",
                  },
                  undefined,
                ]
              }
            >
              Code: 
              1-001H
            </Text>
            <Text
              style={
                Array [
                  Object {
                    "color": "#000000",
                    "fontFamily": "System",
                    "fontWeight": "400",
                    "textAlign": "left",
                  },
                  undefined,
                ]
              }
            >
              Nom: 
              Boulou
            </Text>
            <Text
              style={
                Array [
                  Object {
                    "color": "#000000",
                    "fontFamily": "System",
                    "fontWeight": "400",
                    "textAlign": "left",
                  },
                  undefined,
                ]
              }
            >
              Type: 
              風
            </Text>
            <Text
              style={
                Array [
                  Object {
                    "color": "#000000",
                    "fontFamily": "System",
                    "fontWeight": "400",
                    "textAlign": "left",
                  },
                  undefined,
                ]
              }
            >
              Element: 
              blue
            </Text>
            <Text
              style={
                Array [
                  Object {
                    "color": "#000000",
                    "fontFamily": "System",
                    "fontWeight": "400",
                    "textAlign": "left",
                  },
                  undefined,
                ]
              }
            />
            <Text
              numberOfLines={6}
              style={
                Array [
                  Object {
                    "color": "#000000",
                    "fontFamily": "System",
                    "fontWeight": "400",
                    "textAlign": "left",
                  },
                  Object {
                    "flex": 1,
                  },
                ]
              }
            >
              
              <Image
                source="test-file-stub"
                style={
                  Array [
                    Object {
                      "height": 20,
                      "width": 20,
                    },
                    Object {},
                  ]
                }
              />
              
              <Text
                style={
                  Array [
                    Object {},
                  ]
                }
              >
                ❷
              </Text>
              
              <Image
                source="test-file-stub"
                style={
                  Array [
                    Object {
                      "height": 20,
                      "width": 20,
                    },
                    Object {},
                  ]
                }
              />
              
            </Text>
          </View>
        </View>
        <View
          style={
            Array [
              Object {
                "backgroundColor": "rgba(0, 0, 0, 0.12)",
                "height": 0.5,
              },
              undefined,
              undefined,
            ]
          }
        />
      </View>
      <View
        style={
          Object {
            "height": 0,
          }
        }
      />
    </View>
  </RCTScrollView>
  <View
    pointerEvents="auto"
    style={
      Object {
        "backgroundColor": "#03dac4",
        "borderRadius": 28,
        "bottom": 0,
        "elevation": 6,
        "margin": 16,
        "opacity": 1,
        "position": "absolute",
        "right": 0,
        "shadowColor": "#000000",
        "shadowOffset": Object {
          "height": 5,
          "width": 0,
        },
        "shadowOpacity": 0.24,
        "shadowRadius": 6,
        "transform": Array [
          Object {
            "scale": 1,
          },
        ],
      }
    }
  >
    <View
      accessibilityRole="button"
      accessibilityState={
        Object {
          "disabled": undefined,
        }
      }
      accessible={true}
      focusable={true}
      onClick={[Function]}
      onResponderGrant={[Function]}
      onResponderMove={[Function]}
      onResponderRelease={[Function]}
      onResponderTerminate={[Function]}
      onResponderTerminationRequest={[Function]}
      onStartShouldSetResponder={[Function]}
      style={
        Array [
          Object {
            "overflow": "hidden",
          },
          Object {
            "borderRadius": 28,
          },
        ]
      }
    >
      <View
        pointerEvents="none"
        style={
          Array [
            Object {
              "alignItems": "center",
              "flexDirection": "row",
              "justifyContent": "center",
            },
            Object {
              "height": 56,
              "width": 56,
            },
          ]
        }
      >
        <View
          style={
            Array [
              Object {
                "alignItems": "center",
                "justifyContent": "center",
              },
              Object {
                "height": 24,
                "width": 24,
              },
            ]
          }
        >
          <View
            style={
              Object {
                "bottom": 0,
                "left": 0,
                "opacity": 1,
                "position": "absolute",
                "right": 0,
                "top": 0,
                "transform": Array [
                  Object {
                    "rotate": "0deg",
                  },
                ],
              }
            }
          >
            <Text
              accessibilityElementsHidden={true}
              allowFontScaling={false}
              importantForAccessibility="no-hide-descendants"
              pointerEvents="none"
              selectable={false}
              style={
                Array [
                  Object {
                    "color": "rgba(0, 0, 0, .54)",
                    "fontSize": 24,
                  },
                  Array [
                    Object {
                      "lineHeight": 24,
                      "transform": Array [
                        Object {
                          "scaleX": 1,
                        },
                      ],
                    },
                    Object {
                      "backgroundColor": "transparent",
                    },
                  ],
                  Object {
                    "fontFamily": "Material Design Icons",
                    "fontStyle": "normal",
                    "fontWeight": "normal",
                  },
                  Object {},
                ]
              }
            >
              󰁝
            </Text>
          </View>
        </View>
      </View>
    </View>
  </View>
</View>
`;
